******************************************************************************
          TMS320C6x COFF Linker PC v5.0.0                      
******************************************************************************
>> Linked Thu Jan 30 00:18:42 2020

OUTPUT FILE NAME:   <./Debug/analiza_widma.out>
ENTRY POINT SYMBOL: "_c_int00"  address: 80014dc0


MEMORY CONFIGURATION

                  name            origin    length      used    attr    fill
         ----------------------  --------  ---------  --------  ----  --------
         CACHE_L2                00000000   00010000  00000000  RWIX
         SDRAM                   80000000   01000000  000153ea  RWIX


SECTION ALLOCATION MAP

 output                                  attributes/
section   page    origin      length       input sections
--------  ----  ----------  ----------   ----------------
.prd       0    80000000    00000000     UNINITIALIZED

.sysdata   0    80000000    00000000     UNINITIALIZED

.sysregs   0    80000000    00000000     UNINITIALIZED

.data      0    80000000    00000000     UNINITIALIZED

.cio       0    80000000    00000000     UNINITIALIZED

frt        0    80000000    00000000     UNINITIALIZED

.gio       0    80000000    00000000     UNINITIALIZED

.dsm       0    80000000    00000000     UNINITIALIZED

.hwi       0    80000000    00000000     UNINITIALIZED

.SDRAM$heap 
*          0    80000000    00008000     UNINITIALIZED

.bios      0    80008000    00003ce0     
                  80008000    000006e0     biosi.a62 : swi.o62 (.bios)
                  800086e0    00000540     lnkrtdx.a62 : rtdx.o62 (.bios)
                  80008c20    00000420     biosi.a62 : hwi_disp_asm.o6 (.bios)
                  80009040    00000320               : prd.o62 (.bios)
                  80009360    000002a0               : sem_pend_inst.o (.bios)
                  80009600    000002a0               : knl_run_inst.o6 (.bios)
                  800098a0    00000280               : rta.o62 (.bios)
                  80009b20    00000260               : knl_tick_inst.o (.bios)
                  80009d80    00000220               : pip.o62 (.bios)
                  80009fa0    00000220               : clk.o62 (.bios)
                  8000a1c0    00000200               : tsk_setu_inst.o (.bios)
                  8000a3c0    00000200               : sem_dopo_inst.o (.bios)
                  8000a5c0    000001e0               : tsk_exit_inst.o (.bios)
                  8000a7a0    000001c0               : knl_swit_inst.o (.bios)
                  8000a960    000001a0               : autoinit.o62 (.bios)
                  8000ab00    00000120               : tsk_stup_inst.o (.bios)
                  8000ac20    00000100               : knl_chec_inst.o (.bios)
                  8000ad20    00000100               : idl_cal.o62 (.bios)
                  8000ae20    00000100               : knl_exit_inst.o (.bios)
                  8000af20    00000100               : gbl_cslcacheini (.bios)
                  8000b020    000000e0               : sem_post_inst.o (.bios)
                  8000b100    000000e0               : sem_post_asm_in (.bios)
                  8000b1e0    000000c0               : mem_init_inst.o (.bios:.near)
                  8000b2a0    000000c0               : lck_inst.o62 (.bios)
                  8000b360    000000c0               : sys_exit_inst.o (.bios)
                  8000b420    000000c0               : knl_post_inst.o (.bios)
                  8000b4e0    000000a0               : atm_inst.o62 (.bios)
                  8000b580    000000a0               : knl_ipos_inst.o (.bios)
                  8000b620    000000a0               : clk_start6x.o62 (.bios)
                  8000b6c0    00000080               : gbl_cslinit62.o (.bios)
                  8000b740    00000080               : fxn.o62 (.bios)
                  8000b7c0    00000080               : log.o62 (.bios)
                  8000b840    00000080               : idl_busy.o62 (.bios)
                  8000b8c0    00000060               : sem_pend_asm_in (.bios)
                  8000b920    00000060               : trc_c.o62 (.bios)
                  8000b980    00000060               : utl_doab_inst.o (.bios)
                  8000b9e0    00000060               : utl_putc_inst.o (.bios)
                  8000ba40    00000060               : tsk_init_inst.o (.bios)
                  8000baa0    00000060               : que_get_inst.o6 (.bios)
                  8000bb00    00000060               : sts.o62 (.bios)
                  8000bb60    00000040               : swi_post.o62 (.bios)
                  8000bba0    00000040               : rta_andn.o62 (.bios)
                  8000bbe0    00000040               : idl_stub_inst.o (.bios)
                  8000bc20    00000020               : sts_set.o62 (.bios)
                  8000bc40    00000020               : fxn_c.o62 (.bios)
                  8000bc60    00000020               : idl.o62 (.bios)
                  8000bc80    00000020               : gbl_vers.o62 (.bios)
                  8000bca0    00000020               : utl_halt_inst.o (.bios)
                  8000bcc0    00000020               : utl_doer_inst.o (.bios)

.text      0    8000bce0    000038e0     
                  8000bce0    00000e80     analiza_widma.obj (.text)
                  8000cb60    00000420     rts6700.lib : cos.obj (.text:_cos)
                  8000cf80    000003e0                 : sin.obj (.text:_sin)
                  8000d360    000002e0                 : frcdivd.obj (.text:__frcdivd)
                  8000d640    000002c0                 : atan.obj (.text:_atan)
                  8000d900    00000280     csl6711.lib : csl_cache.obj (.text:_CACHE_setL2Mode)
                  8000db80    00000240                 : csl_cache.obj (.text:_CACHE_wait)
                  8000ddc0    00000240     rts6700.lib : memcpy62.obj (.text:_memcpy)
                  8000e000    00000200                 : divd.obj (.text:__divd)
                  8000e200    000001c0     csl6711.lib : csl.obj (.text:__CSL_init)
                  8000e3c0    00000180                 : csl_cache.obj (.text:_CACHE_clean)
                  8000e540    00000180                 : csl_mcbsp.obj (.text:_MCBSP_reset)
                  8000e6c0    00000160                 : csl_timer.obj (.text:_TIMER_open)
                  8000e820    00000120                 : csl_timer.obj (.text:_TIMER_reset)
                  8000e940    00000120                 : csl_cache.obj (.text:_CACHE_wbInvL1d)
                  8000ea60    00000120                 : csl_irq.obj (.text:_mux2Tables)
                  8000eb80    00000100     rts6700.lib : remi.obj (.text:__remi)
                  8000ec80    00000100                 : round.obj (.text:__round)
                  8000ed80    000000e0                 : modf.obj (.text:_modf)
                  8000ee60    000000e0                 : strasg.obj (.text:__strasg)
                  8000ef40    000000e0     csl6711.lib : csl_mcbsp.obj (.text:_MCBSP_open)
                  8000f020    000000e0     rts6700.lib : exit.obj (.text:_atexit)
                  8000f100    000000c0     csl6711.lib : csl_irq.obj (.text:_getMux)
                  8000f1c0    000000a0                 : csl_mcbsp.obj (.text:_MCBSP_config)
                  8000f260    00000080     analiza_widmacfg_c.obj (.text:CSL_cfgInit)
                  8000f2e0    00000080     csl6711.lib : csl_irq.obj (.text:__IRQ_init)
                  8000f360    00000060                 : csl_timer.obj (.text:_TIMER_configArgs)
                  8000f3c0    00000040                 : csl_timer.obj (.text:_TIMER_start)
                  8000f400    00000040                 : csl_irq.obj (.text:_IRQ_enable)
                  8000f440    00000040     rts6700.lib : trunc.obj (.text:__trunc)
                  8000f480    00000020                 : _lock.obj (.text:__nop)
                  8000f4a0    00000020     csl6711.lib : csl_mcbsp.obj (.text:_MCBSP_write)
                  8000f4c0    00000020                 : csl_mcbsp.obj (.text:_MCBSP_read)
                  8000f4e0    00000020                 : csl_irq.obj (.text:_IRQ_globalRestore)
                  8000f500    00000020     rts6700.lib : _lock.obj (.text:__register_lock)
                  8000f520    00000020     csl6711.lib : csl_irq.obj (.text)
                  8000f540    00000020                 : csl_irq.obj (.text:_IRQ_globalDisable)
                  8000f560    00000020                 : csl_mcbsp.obj (.text:_MCBSP_enableXmt)
                  8000f580    00000020                 : csl_mcbsp.obj (.text:_MCBSP_enableRcv)
                  8000f5a0    00000020     rts6700.lib : _lock.obj (.text:__register_unlock)

.far       0    8000f5c0    00001324     UNINITIALIZED
                  8000f5c0    00001004     analiza_widma.obj (.far)
                  800105c4    000000f4     csl6711.lib : csl_irq.obj (.far)
                  800106b8    0000008c     rts6700.lib : exit.obj (.far)
                  80010744    00000004     csl6711.lib : csl_cache.obj (.far)
                  80010748    00000060     rts6700.lib : atan.obj (.far)
                  800107a8    00000040                 : sin.obj (.far)
                  800107e8    00000040                 : cos.obj (.far)
                  80010828    00000038     csl6711.lib : csl_mcbsp.obj (.far)
                  80010860    00000028                 : csl.obj (.far)
                  80010888    00000024     analiza_widmacfg_c.obj (.far)
                  800108ac    00000024     csl6711.lib : csl_timer.obj (.far)
                  800108d0    0000000c     biosi.a62 : utl_putc_inst.o (.far)
                  800108dc    00000008     rts6700.lib : _lock.obj (.far)

.const     0    800108e4    00000f66     
                  800108e4    00000f00     analiza_widma.obj (.const)
                  800117e4    00000020     csl6711.lib : csl_cache.obj (.const)
                  80011804    00000023     biosi.a62 : utl_doab_inst.o (.const)
                  80011827    00000022               : utl_doer_inst.o (.const)
                  80011849    00000001               : tsk_inst.o62 (.const)

.hst1      0    8001184c    00000010     UNINITIALIZED
                  8001184c    00000010     analiza_widmacfg.obj (.hst1)

.mem       0    8001185c    00000004     UNINITIALIZED
                  8001185c    00000004     analiza_widmacfg.obj (.mem)

.rtdx_text 
*          0    80011860    00000f40     
                  80011860    00000860     rtdx.lib : rtdx_mon.obj (.rtdx_text)
                  800120c0    00000620              : buffer1.obj (.rtdx_text)
                  800126e0    00000080              : buffer2.obj (.rtdx_text)
                  80012760    00000040              : intr_tgt.obj (.rtdx_text)

.cinit     0    800127a0    00000f3c     
                  800127a0    0000056c     analiza_widmacfg.obj (.cinit)
                  80012d0c    00000004     --HOLE-- [fill = 0]
                  80012d10    000002dc     biosi.a62 : biosdata.o62 (.cinit)
                  80012fec    00000004     --HOLE-- [fill = 0]
                  80012ff0    0000012c     csl6711.lib : csl_irq.obj (.cinit)
                  8001311c    00000004     --HOLE-- [fill = 0]
                  80013120    000000a8     biosi.a62 : knl_inst.o62 (.cinit)
                  800131c8    00000070     rts6700.lib : atan.obj (.cinit)
                  80013238    0000005c     lnkrtdx.a62 : rtdx.o62 (.cinit)
                  80013294    00000004     --HOLE-- [fill = 0]
                  80013298    00000054     csl6711.lib : csl_mcbsp.obj (.cinit)
                  800132ec    00000004     --HOLE-- [fill = 0]
                  800132f0    0000004c     analiza_widma.obj (.cinit)
                  8001333c    00000004     --HOLE-- [fill = 0]
                  80013340    0000004c     csl6711.lib : csl_timer.obj (.cinit)
                  8001338c    00000004     --HOLE-- [fill = 0]
                  80013390    0000004c     biosi.a62 : tsk_inst.o62 (.cinit)
                  800133dc    00000004     --HOLE-- [fill = 0]
                  800133e0    0000004c               : rta.o62 (.cinit)
                  8001342c    00000004     --HOLE-- [fill = 0]
                  80013430    00000048     rts6700.lib : cos.obj (.cinit)
                  80013478    00000048                 : sin.obj (.cinit)
                  800134c0    00000048     biosi.a62 : knl_inst.o62 (.cinit:c)
                  80013508    0000003c     csl6711.lib : csl.obj (.cinit)
                  80013544    00000004     --HOLE-- [fill = 0]
                  80013548    0000002c     biosi.a62 : tsk_stup_inst.o (.cinit)
                  80013574    00000004     --HOLE-- [fill = 0]
                  80013578    0000002c               : utl_putc_inst.o (.cinit)
                  800135a4    00000004     --HOLE-- [fill = 0]
                  800135a8    0000002c     rts6700.lib : exit.obj (.cinit)
                  800135d4    00000004     --HOLE-- [fill = 0]
                  800135d8    00000028     analiza_widmacfg_c.obj (.cinit)
                  80013600    0000001c     biosi.a62 : hwi.o62 (.cinit)
                  8001361c    00000004     --HOLE-- [fill = 0]
                  80013620    0000001c     rts6700.lib : _lock.obj (.cinit)
                  8001363c    00000004     --HOLE-- [fill = 0]
                  80013640    00000018     biosi.a62 : knl_tick_inst.o (.cinit)
                  80013658    00000010               : sys_inst.o62 (.cinit:c)
                  80013668    00000010               : clk_start6x.o62 (.cinit)
                  80013678    00000010               : gbl.o62 (.cinit:c)
                  80013688    00000010               : tsk_inst.o62 (.cinit:c)
                  80013698    0000000c     csl6711.lib : csl_cache.obj (.cinit)
                  800136a4    00000004     --HOLE-- [fill = 0]
                  800136a8    0000000c     biosi.a62 : idl_busy.o62 (.cinit)
                  800136b4    00000004     --HOLE-- [fill = 0]
                  800136b8    0000000c               : knl_swit_inst.o (.cinit)
                  800136c4    00000004     --HOLE-- [fill = 0]
                  800136c8    0000000c     rtdx.lib : buffer1.obj (.cinit)
                  800136d4    00000008     --HOLE-- [fill = 0]

.hst0      0    800136dc    00000100     UNINITIALIZED
                  800136dc    00000100     analiza_widmacfg.obj (.hst0)

.idl       0    800137dc    00000020     UNINITIALIZED
                  800137dc    00000010     analiza_widmacfg.obj (.idl)
                  800137ec    00000010     analiza_widmacfg.obj (.idlcal)

.args      0    800137fc    00000004     
                  800137fc    00000004     --HOLE-- [fill = 00000000]

.hwi_vec   0    80013800    00000200     
                  80013800    00000200     analiza_widmacfg.obj (.hwi_vec)

.bss       0    80013a00    000004d4     UNINITIALIZED
                  80013a00    00000134     biosi.a62 : biosdata.o62 (.bss)
                  80013b34    00000100               : hwi_disp_asm.o6 (.bss)
                  80013c34    000000e0               : knl_inst.o62 (.bss)
                  80013d14    0000008c     analiza_widmacfg.obj (.bss)
                  80013da0    00000040     biosi.a62 : knl_inst.o62 (.bss:c)
                  80013de0    00000038               : tsk_inst.o62 (.bss)
                  80013e18    00000024               : tsk_stup_inst.o (.bss)
                  80013e3c    00000020               : sys_inst.o62 (.bss)
                  80013e5c    0000001c     analiza_widma.obj (.bss)
                  80013e78    00000018     lnkrtdx.a62 : rtdx.o62 (.bss)
                  80013e90    00000010     biosi.a62 : knl_tick_inst.o (.bss)
                  80013ea0    00000008               : clk_start6x.o62 (.bss)
                  80013ea8    00000008               : gbl.o62 (.bss:c)
                  80013eb0    00000008               : tsk_inst.o62 (.bss:c)
                  80013eb8    00000008               : sys_inst.o62 (.bss:c)
                  80013ec0    00000008               : hwi.o62 (.bss)
                  80013ec8    00000004               : mem_asm.o62 (.bss)
                  80013ecc    00000004               : gbl_cslinit62.o (.bss)
                  80013ed0    00000004               : idl_busy.o62 (.bss)

.rtdx_data 
*          0    80013ed4    0000044c     UNINITIALIZED
                  80013ed4    00000410     analiza_widmacfg.obj (.rtdx_data)
                  800142e4    00000020     rtdx.lib : buffer1.obj (.rtdx_data)
                  80014304    0000001c              : rtdx_mon.obj (.rtdx_data)

.stack     0    80014320    00000400     
                  80014320    00000400     --HOLE-- [fill = 00c0ffee]

.TSK_idle$stk 
*          0    80014720    00000400     UNINITIALIZED
                  80014720    00000400     analiza_widmacfg.obj (.TSK_idle$stk)

.sysinit   0    80014b20    00000380     
                  80014b20    000002a0     analiza_widmacfg.obj (.sysinit)
                  80014dc0    000000e0     biosi.a62 : boot.o62 (.sysinit)

.trace     0    80014ea0    00000200     
                  80014ea0    00000200     --HOLE-- [fill = 00000000]

.tsk       0    800150a0    00000060     UNINITIALIZED
                  800150a0    00000060     analiza_widmacfg.obj (.tsk)

.LOG_system$buf 
*          0    80015100    00000100     
                  80015100    00000100     analiza_widmacfg.obj (.LOG_system$buf) [fill = ffffffff]

.pip       0    80015200    000000c8     UNINITIALIZED
                  80015200    000000c8     analiza_widmacfg.obj (.pip)

.sts       0    800152c8    00000030     
                  800152c8    00000030     analiza_widmacfg.obj (.sts)

.swi       0    800152f8    0000002c     UNINITIALIZED
                  800152f8    0000002c     analiza_widmacfg.obj (.swi)

.switch    0    80015324    0000002c     
                  80015324    0000002c     rtdx.lib : rtdx_mon.obj (.switch)

.hst       0    80015350    0000002c     UNINITIALIZED
                  80015350    0000002c     analiza_widmacfg.obj (.hst)

.gblinit   0    8001537c    00000028     
                  8001537c    00000028     analiza_widmacfg.obj (.gblinit)

.log       0    800153a4    00000018     
                  800153a4    00000018     analiza_widmacfg.obj (.log)

.sys       0    800153bc    00000010     UNINITIALIZED
                  800153bc    00000010     analiza_widmacfg.obj (.sys)

.trcdata   0    800153cc    0000000c     
                  800153cc    0000000c     analiza_widmacfg.obj (.trcdata)

.pinit     0    800153d8    0000000c     
                  800153d8    00000004     rtdx.lib : rtdx_mon.obj (.pinit)
                  800153dc    00000004              : buffer1.obj (.pinit)
                  800153e0    00000004     --HOLE-- [fill = 0]

.clk       0    800153e4    00000008     UNINITIALIZED
                  800153e4    00000008     analiza_widmacfg.obj (.clk)


GLOBAL SYMBOLS: SORTED ALPHABETICALLY BY Name 

address    name
--------   ----
80013a00   $bss
80013a00   .bss
80000000   .data
8000bce0   .text
80014cc4   BIOS$$CLKOFF
80014c94   BIOS$$CLKON
80014b20   BIOS_init
80014d24   BIOS_start
00000000   BUF$
00000001   BUF_ENABLED
ffffffff   CACHE_L2
00000001   CLK$
800153e4   CLK_A_TABBEG
800153ec   CLK_A_TABEND
00000008   CLK_A_TABLEN
0000927c   CLK_COUNTSPMS
00000000   CLK_COUNTSPMSHIGH
80013a28   CLK_D_idletime
80013a24   CLK_D_isrhook
80013a20   CLK_D_tabbeg
80013a1c   CLK_D_timefxn
80009fa0   CLK_F_getfhtime
80009fc0   CLK_F_gethtime
8000a034   CLK_F_getltime
80009fc0   CLK_F_getshtime
8000a040   CLK_F_isr
8000a17c   CLK_F_itime
80008c20   CLK_HOOKFXN
00004000   CLK_INTBIT
0000927c   CLK_PRD
00000000   CLK_PRDHIGH
01940000   CLK_REGS
80013a18   CLK_R_time
00000020   CLK_TCR
00000000   CLK_TDDR
00000000   CLK_TDDRHIGH
80009fc0   CLK_TIMEFXN
00000000   CLK_TIMERNUM
00000001   CLK_USETIMER
800153e8   CLK_null
00000000   DEV$
00000000   DGN$
00000000   DHL$
00000000   DHL_gChannelsAvailable
00000000   DIO$
00000000   DIO_NUMSWIBASE
00000000   DIO_NUMTSKBASE
00000000   DIO_STATIC
00000000   DPI$
8000b740   FXN_F_nop
8000b748   FXN_F_run
8000b798   FXN_F_zero
00000001   GBL$
00000490   GBL_A_VERSION
00000000   GBL_BIGENDIAN
00000000   GBL_C641XL2PRIORITY
00000000   GBL_CACHE
00000001   GBL_CALLCSLCFGINIT
00000001   GBL_ENABLEINST
00000042   GBL_FOOTPRINT
8000bc80   GBL_F_version
00002226   GBL_L2ALLOC
00000000   GBL_L2CONFIGALLOC
00000001   GBL_L2CONFIGURE
00000001   GBL_L2MARMASK
00000000   GBL_L2MARMASK1
00000000   GBL_L2MARMASK2
00000000   GBL_L2MARMASK3
00000000   GBL_L2MARMASK4
00000000   GBL_L2MARMASK5
00000007   GBL_L2MODE
00000000   GBL_L2PRIORITY
00000000   GBL_NULL
00000000   GBL_ROM
00000001   GBL_SUPPORTCSL
0000dbef   GBL_TRCMASKVALUE
00000000   GBL_USERINIT
8000bc40   GBL_USERINITFXN
00000001   GBL_boot
800153d4   GBL_initdone
80014320   GBL_stackbeg
8001471f   GBL_stackend
00000000   GIO$
8000bc40   GIO_CREATEFXN
8000bc40   GIO_DELETEFXN
8000bc40   GIO_PENDFXN
8000bc40   GIO_POSTFXN
00000000   HOOK$
00000000   HOOK_KNLID
00000001   HST$
80015350   HST_A_TABBEG
8001537c   HST_A_TABEND
00000002   HST_A_TABLEN
00000000   HST_DSM
80013d24   HST_DSMBUFSEG
00000400   HST_DSMMEMSIZE
80013b18   HST_D_chanmask
00000100   HST_MAXFRAMEALLOWED
00000040   HST_MAXFRAMESET
00000000   HST_NONE
00000001   HST_RTDX
00000001   HWI$
80013800   HWI_A_VECS
80013ec0   HWI_D_ccmask
80008c20   HWI_F_dispatch
00000000   HWI_GENERATE_RESET_VEC
0000000a   HWI_INT10
0000000b   HWI_INT11
0000000c   HWI_INT12
0000000d   HWI_INT13
0000000e   HWI_INT14
0000000f   HWI_INT15
00000004   HWI_INT4
00000005   HWI_INT5
00000006   HWI_INT6
00000007   HWI_INT7
00000008   HWI_INT8
00000009   HWI_INT9
082f39a3   HWI_INTRMULTHIGH
310718a4   HWI_INTRMULTLOW
00000001   HWI_NMI
00000000   HWI_POLARITYMASK
00000002   HWI_RESERVED0
00000003   HWI_RESERVED1
00000000   HWI_RESET
00000000   HWI_ZEROTAB
00000001   IDL$
800137ec   IDL_A_CALBEG
800137fc   IDL_A_CALEND
00000002   IDL_A_CALLEN
800137dc   IDL_A_TABBEG
800137ec   IDL_A_TABEND
00000002   IDL_A_TABLEN
8000bbe0   IDL_CALIBRFXN
80013ed0   IDL_D_busyObj
80013a08   IDL_D_calbeg
80013a04   IDL_D_calibrate
80013a00   IDL_D_tabbeg
800137e8   IDL_END
800137f8   IDL_END$
8000b840   IDL_F_busy
8000ad20   IDL_F_calibrate
8000bc60   IDL_F_loop
8000bbe0   IDL_F_stub
00000001   IDL_USECLKIDLTIME
800152ec   IDL_busyObj
800152e8   IDL_busyObj$stsobj
800137e4   IDL_cpuLoad
800137f4   IDL_cpuLoad$
00000001   ISRC$
8000a920   KNL_glue
800152f8   KNL_swi
800152cc   KNL_swi$sts
800152c8   KNL_swi$sts$stsobj
00000001   LCK$
800086e0   LNK_F_checkBufferCall
80008754   LNK_F_dataPump
80008700   LNK_F_getChanPtr
8000874c   LNK_F_init
80008bf8   LNK_F_readCallBack
800137dc   LNK_dataPump
800137ec   LNK_dataPump$
80013e7c   LNK_dspFrameReadyMask
80013e78   LNK_dspFrameRequestMask
800089a8   LNK_newin
80008ab8   LNK_newout
80008760   LNK_rcloop
80008810   LNK_rdrtry
80013e84   LNK_readDone
80013e88   LNK_readFail
80013e80   LNK_readPend
80008818   LNK_rrloop
80013e8c   LNK_writeFail
800088d8   LNK_wrloop
800088d0   LNK_wrrtry
00000001   LOG$
800153a4   LOG_A_TABBEG
800153bc   LOG_A_TABEND
00000001   LOG_A_TABLEN
80013a0c   LOG_D_system
00000001   LOG_ENABLED
8000b7c0   LOG_F_event
800153a4   LOG_system
80015100   LOG_system$buf
00000040   LOG_system$size
00000000   MBX$
00000001   MEM$
80013d24   MEM_MALLOCSEG
00000000   MEM_NULL
80013d24   MEM_SEGZERO
00000001   MEM_gNumHeap
00000000   OBJ$
00000000   PIP$
80015200   PIP_A_TABBEG
800152c8   PIP_A_TABEND
00000002   PIP_A_TABLEN
80013a10   PIP_D_tabbeg
80013a14   PIP_D_tablen
80009e14   PIP_F_give
80009e14   PIP_F_probe
80009ee8   PIP_F_start
80009d80   PIP_F_take
00000000   PIP_gNextId
00000002   PIP_gNumEmbed
00000001   PRD$
80000000   PRD_A_TABBEG
80000000   PRD_A_TABEND
00000000   PRD_A_TABLEN
80013ad4   PRD_D_cur
80013ad8   PRD_D_elapsed
80013adc   PRD_D_prevtim
80013ae0   PRD_D_scalar
80013ae4   PRD_D_swihandle
80013ae8   PRD_D_tabbeg
80013aec   PRD_D_tablen
80013af0   PRD_D_thook
80013ad0   PRD_D_tick
80009040   PRD_F_swi
8000929c   PRD_F_tick
00004000   PRD_SCALAR
00000000   PRD_SWIHANDLE
80009d58   PRD_THOOKFXN
800153e4   PRD_clock
00000001   QUE$
80013af4   RTA_D_fromHost
80013afc   RTA_D_logval
80013b0c   RTA_D_stsval
80013af8   RTA_D_toHost
8000bba0   RTA_F_andn
80009998   RTA_F_dispatch
800098a0   RTA_F_getlog
800098e4   RTA_F_getsts
8000bbc0   RTA_F_or
8000992c   RTA_F_readblk
80009958   RTA_F_resetmem
8000994c   RTA_F_writeword
800137e0   RTA_dispatcher
800137f0   RTA_dispatcher$
800099d8   RTA_execute
80015354   RTA_fromHost
8001184c   RTA_fromHost$buf
80015200   RTA_fromHost$pipe
80015230   RTA_fromHost$pipe$aaa
80015260   RTA_fromHost$pipe$bbb
80013d28   RTA_fromHost$pipe$dtab
80015204   RTA_fromHost$pipe$rd
80015234   RTA_fromHost$pipe$wr
8001535c   RTA_fromHost$rtdx
80015368   RTA_toHost
800136dc   RTA_toHost$buf
80015264   RTA_toHost$pipe
80015294   RTA_toHost$pipe$aaa
800152c4   RTA_toHost$pipe$bbb
80013d34   RTA_toHost$pipe$dtab
80015268   RTA_toHost$pipe$rd
80015298   RTA_toHost$pipe$wr
80015370   RTA_toHost$rtdx
00000001   RTDX$
00000408   RTDX_BUFMEMSIZE
80013d24   RTDX_DATAMEMSEG
00000001   RTDX_NORMALIZED_HDR
00000001   RTDX_USERTDX
00000000   RTDX_USERTEXECUTION
80013d24   SDRAM
80000000   SDRAM$B
00008000   SDRAM$L
00000000   SEM$
00000000   SIO$
00000001   STS$
800152c8   STS_A_TABBEG
800152f8   STS_A_TABEND
00000003   STS_A_TABLEN
8000bb10   STS_F_add
8000bb00   STS_F_delta
8000bb3c   STS_F_reset
00000001   SWI$
800152f8   SWI_A_TABBEG
80015324   SWI_A_TABEND
00000001   SWI_A_TABLEN
80013a38   SWI_D_curfxn
80013a2c   SWI_D_curmask
80013a3c   SWI_D_curmbox
80013a30   SWI_D_curset
80013a54   SWI_D_ehook
80013a44   SWI_D_execaddr
80013a50   SWI_D_ihook
80013a40   SWI_D_lock
80013a34   SWI_D_pending
80013a4c   SWI_D_rdybeg
80013a58   SWI_D_rdytab
80013a48   SWI_D_runaddr
00000000   SWI_EHOOKFXN
8000829c   SWI_EXECFXN
80008000   SWI_F_enable
80008224   SWI_F_exec
8000829c   SWI_F_iexec
8000808c   SWI_F_post
80008470   SWI_F_run
00000000   SWI_IHOOKFXN
80008470   SWI_RUNFXN
00000001   SYS$
800153bc   SYS$config
8000b980   SYS_ABORTFXN
8000bcc0   SYS_ERRORFXN
8000bca0   SYS_EXITFXN
8000b9e0   SYS_PUTCFXN
800153d0   TRC_R_mask
800153cc   TRC_cinit
00000001   TSK$
00000000   TSK_NUM_HOOKS
00000001   TSK_PRIORITY
00000000   TSK_READYFXN
80013d24   TSK_STACKSEG
00000400   TSK_STACKSIZE
00000000   TSK_SWITCHFXN
8000bc40   TSK_VCREATEFXN
8000bc40   TSK_VDELETEFXN
8000bc40   TSK_VEXITFXN
800150ac   TSK_idle
80014720   TSK_idle$stack
80014ab8   TSK_idle$stkptr
800152dc   TSK_idle$sts
800152d8   TSK_idle$sts$stsobj
00000000   UDEV$
8000b4e0   _ATM_andi
8000b4e0   _ATM_andu
8000b500   _ATM_cleari
8000b500   _ATM_clearu
8000b518   _ATM_deci
8000b518   _ATM_decu
8000b534   _ATM_inci
8000b534   _ATM_incu
8000b550   _ATM_ori
8000b550   _ATM_oru
8000b56c   _ATM_seti
8000b56c   _ATM_setu
80014b20   _BIOS_init
80014d24   _BIOS_start
ffffffff   _CACHE_L2
8000e3c0   _CACHE_clean
8000d900   _CACHE_setL2Mode
8000db80   _CACHE_wait
8000e940   _CACHE_wbInvL1d
0000927c   _CLK_COUNTSPMS
8000a17c   _CLK_F_itime
0000927c   _CLK_PRD
01940000   _CLK_REGS
00000000   _CLK_TDDR
00000000   _CLK_TIMERNUM
00000001   _CLK_USETIMER
8000a17c   _CLK_itime
8000b620   _CLK_start
8000b620   _CLK_start6x
8000f260   _CSL_cfgInit
800108e4   _Corr_Filter
80013e5c   _D
8000bc40   _FXN_F_nop
8000b748   _FXN_F_run
8000b798   _FXN_F_zero
80013e60   _Fitler_Lenght
00000000   _GBL_CACHE
8000af20   _GBL_cslCacheInit
8000b6c0   _GBL_cslInit
80013ecc   _GBL_cslTimerHandle
80013ea8   _GBL_irqEventTable
80013eac   _GBL_irqIntTable
80015350   _HST_A_TABBEG
8001537c   _HST_A_TABEND
00000002   _HST_A_TABLEN
80013ec4   _HWI_D_spsave
80008c20   _HWI_F_dispatch
0000000a   _HWI_INT10
0000000b   _HWI_INT11
0000000c   _HWI_INT12
0000000d   _HWI_INT13
0000000e   _HWI_INT14
0000000f   _HWI_INT15
00000004   _HWI_INT4
00000005   _HWI_INT5
00000006   _HWI_INT6
00000007   _HWI_INT7
00000008   _HWI_INT8
00000009   _HWI_INT9
00000001   _HWI_NMI
00000002   _HWI_RESERVED0
00000003   _HWI_RESERVED1
00000000   _HWI_RESET
80014718   _HWI_STKBOTTOM
80014320   _HWI_STKTOP
80013b34   _HWI_dispatchTab
800152ec   _IDL_busyObj
800137e4   _IDL_cpuLoad
8000bc60   _IDL_loop
8000f400   _IRQ_enable
8000f540   _IRQ_globalDisable
8000f4e0   _IRQ_globalRestore
80013da8   _KNL_alarm
8000ac20   _KNL_check
80013dc8   _KNL_curqueue
80013dbc   _KNL_curtask
80013dc4   _KNL_curtime
80013cd4   _KNL_dummy
8000ae20   _KNL_enter
8000aeb0   _KNL_exit
8000acd0   _KNL_idle
80013d10   _KNL_idlefxn
80013db0   _KNL_inactive
8000b580   _KNL_ipost
8000acec   _KNL_max
80013dcc   _KNL_maxqueue
8000b420   _KNL_post
80013dc0   _KNL_prevtask
80013db4   _KNL_priority
80013c34   _KNL_queues
80009600   _KNL_run
8000a7a0   _KNL_saveIsrFrame
80013db8   _KNL_set
80013dac   _KNL_setpri
800152f8   _KNL_swi
80013d0c   _KNL_swiptr
8000a86c   _KNL_switch
80013dd4   _KNL_tcreatefxn
80013dd8   _KNL_tdeletefxn
80009d58   _KNL_tick
80013ddc   _KNL_treadyfxn
80013dd0   _KNL_tswitchfxn
80013da0   _KNL_wFlag
80013da4   _KNL_wList
8000b2ec   _LCK_pend
8000b2a0   _LCK_post
800137dc   _LNK_dataPump
800153a4   _LOG_A_TABBEG
800153bc   _LOG_A_TABEND
00000001   _LOG_A_TABLEN
80013a0c   _LOG_D_system
8000b7c0   _LOG_event
800153a4   _LOG_system
8000f1c0   _MCBSP_config
8000f580   _MCBSP_enableRcv
8000f560   _MCBSP_enableXmt
8000ef40   _MCBSP_open
8000f4c0   _MCBSP_read
8000e540   _MCBSP_reset
8000f4a0   _MCBSP_write
80013ec8   _MEM
80013b1c   _MEM_D_NUMSEGMENTS
80013b24   _MEM_D_freelist
80013b28   _MEM_D_lockaddr
80013b20   _MEM_D_memtab
80013b2c   _MEM_D_unlockaddr
8000b1e0   _MEM_init
80013d14   _MEM_memtab
8000f5c0   _MySample
80013d40   _OBJ_table
80015200   _PIP_A_TABBEG
800152c8   _PIP_A_TABEND
00000002   _PIP_A_TABLEN
80013ad0   _PRD_D_tick
800153e4   _PRD_clock
8000baa0   _QUE_get
8000bac8   _QUE_put
8000c56c   _R4DigitRevIndexTableGen
800137e0   _RTA_dispatcher
80015354   _RTA_fromHost
80015368   _RTA_toHost
80013ed4   _RTDX_Buffer
800142e0   _RTDX_Buffer_End
800120c0   _RTDX_Buffer_Initialize
800126e0   _RTDX_Buffer_Read
800142dc   _RTDX_Buffer_Start
80012460   _RTDX_Buffer_Write
8001194c   _RTDX_Final_RT_Monitor
800118a0   _RTDX_Init_RT_Monitor
80011990   _RTDX_IsFlowEnabled
00000002   _RTDX_JTAGONLY
80012760   _RTDX_Mask_IER
80011f6c   _RTDX_Mon_Queue
800119a4   _RTDX_Poll
80012778   _RTDX_Set_IER
00000000   _RTDX_interrupt_mask
800142f0   _RTDX_writing
80013d24   _SDRAM
80000000   _SDRAM_base
00008000   _SDRAM_length
8000b8c0   _SEM_pend
80009360   _SEM_pendEnterKnl
8000b100   _SEM_post
8000b020   _SEM_postEnterKnl
800152c8   _STS_A_TABBEG
800152f8   _STS_A_TABEND
00000003   _STS_A_TABLEN
8000bb10   _STS_add
8000bb00   _STS_delta
8000bb3c   _STS_reset
8000bc20   _STS_set
80013a38   _SWI_D_curfxn
80013a2c   _SWI_D_curmask
80013a40   _SWI_D_lock
80013a4c   _SWI_D_rdybeg
8000bb60   _SWI_post
80013b30   _SYS
80014ea0   _SYS_PUTCBEG
8001509f   _SYS_PUTCEND
8000b360   _SYS_exit
80013e3c   _SYS_exitStack
80013eb8   _SYS_exitStackPtr
80013ebc   _SYS_exitStackTop
8000f360   _TIMER_configArgs
8000e6c0   _TIMER_open
8000e820   _TIMER_reset
8000f3c0   _TIMER_start
800153d0   _TRC_R_mask
8000b920   _TRC_disable
8000b940   _TRC_enable
8000b95c   _TRC_query
80013d98   _TSK
80013de0   _TSK_ATTRS
8000a5c0   _TSK_exit
800150ac   _TSK_idle
8000ba40   _TSK_init
80013eb0   _TSK_nTasks
80013eb4   _TSK_pid
8000a1c0   _TSK_setup
8000ab34   _TSK_startup
80013dfc   _TSK_timerSem
8000b980   _UTL_doAbort
8000bcc0   _UTL_doError
8000b9e0   _UTL_doPutc
8000bca0   _UTL_halt
8000a190   __CLK_lat1beg
8000a1bc   __CLK_lat1end
8000e200   __CSL_init
80013d9c   __HOOK_NUMHOOKS
80013d20   __HOOK_knlId
80008c20   __HWI_lat1beg
80008dcc   __HWI_lat1end
80008dcc   __HWI_lat2beg
80008f48   __HWI_lat2end1
80008ee8   __HWI_lat2end2
80008f8c   __HWI_lat3beg
80009038   __HWI_lat3end1
80008f14   __HWI_lat3end2
8000b840   __IDL_lat1beg
8000b890   __IDL_lat1end
800106b0   __IRQ_dispatchTable
800105ec   __IRQ_eventTable
8000f520   __IRQ_hookFetchPacket
8000f2e0   __IRQ_init
80010670   __IRQ_intTable
8000ac54   __KNL_lat1beg
8000acd0   __KNL_lat1end
8000b7c0   __LOG_lat1beg
8000b804   __LOG_lat1end1
8000b830   __LOG_lat1end2
80010858   __MCBSP_hDev0
8001085c   __MCBSP_hDev1
8000baa0   __QUE_lat1beg
8000bac0   __QUE_lat1end
8000bac8   __QUE_lat2beg
8000bae0   __QUE_lat2end
80009958   __RTA_lat1beg
80009990   __RTA_lat1end
8000a3c0   __SEM_dopost
00000400   __STACK_SIZE
80008194   __SWI_lat1beg
80008220   __SWI_lat1end1
800082dc   __SWI_lat1end2
80008380   __SWI_lat2beg
8000846c   __SWI_lat2end2
80008000   __SWI_lat3beg
80008088   __SWI_lat3end
800108ac   __TIMER_deviceTable
800108cc   __TIMER_hBios
800108c4   __TIMER_hDev0
800108c8   __TIMER_hDev1
80013e18   __TSK_mutex
ffffffff   ___binit__
80013a00   ___bss__
800137fc   ___c_args__
800127a0   ___cinit__
80000000   ___data__
80000000   ___edata__
80013ed4   ___end__
8000f5c0   ___etext__
800153d8   ___pinit__
8000bce0   ___text__
8000a960   __auto_init
8001073c   __cleanup_ptr
8000e000   __divd
80010740   __dtors_ptr
8000d360   __frcdivd
800108dc   __lock
8000f480   __nop
8000f500   __register_lock
8000f5a0   __register_unlock
8000eb80   __remi
8000ec80   __round
80014320   __stack
8000ee60   __strasg
8000f440   __trunc
800108e0   __unlock
8000d640   _atan
8000f020   _atexit
8000c210   _bit_rev
8000f5c4   _bufferInput
8000fdc4   _bufferOutput
80013e70   _buffor
80014dc0   _c_int00
8000cb60   _cos
8000c714   _digit_reverse
800108a8   _hMcbsp1
80013e6c   _i
80013e64   _index
8000c938   _interrupt_rcv
8000c83c   _main
80010888   _mcbspCfg0
8000ddc0   _memcpy
8000ed80   _modf
80013e68   _output
800142e4   _rtdx_buffer_state
80014304   _rtdx_mon_state
8000cf80   _sin
8000bce0   _tw_genSPxSPfft
8000c068   _tw_genr2fft
8000c3f0   _tw_genr4fft
ffffffff   binit
800127a0   cinit
80000000   edata
80013ed4   end
8000f5c0   etext
80013800   hwi0
80013820   hwi1
80013940   hwi10
80013960   hwi11
80013980   hwi12
800139a0   hwi13
800139c0   hwi14
800139e0   hwi15
80013840   hwi2
80013860   hwi3
80013880   hwi4
800138a0   hwi5
800138c0   hwi6
800138e0   hwi7
80013900   hwi8
80013920   hwi9
800153d8   pinit


GLOBAL SYMBOLS: SORTED BY Symbol Address 

address    name
--------   ----
00000000   GBL_USERINIT
00000000   GIO$
00000000   GBL_ROM
00000000   GBL_L2PRIORITY
00000000   GBL_NULL
00000000   HOOK$
00000000   HWI_GENERATE_RESET_VEC
00000000   HWI_POLARITYMASK
00000000   HST_NONE
00000000   HOOK_KNLID
00000000   HST_DSM
00000000   GBL_L2MARMASK5
00000000   GBL_BIGENDIAN
00000000   GBL_C641XL2PRIORITY
00000000   DPI$
00000000   DIO_NUMTSKBASE
00000000   DIO_STATIC
00000000   GBL_CACHE
00000000   GBL_L2MARMASK3
00000000   GBL_L2MARMASK4
00000000   GBL_L2MARMASK2
00000000   GBL_L2CONFIGALLOC
00000000   GBL_L2MARMASK1
00000000   TSK_READYFXN
00000000   TSK_SWITCHFXN
00000000   TSK_NUM_HOOKS
00000000   SWI_EHOOKFXN
00000000   SWI_IHOOKFXN
00000000   UDEV$
00000000   _HWI_RESET
00000000   _RTDX_interrupt_mask
00000000   _GBL_CACHE
00000000   _CLK_TDDR
00000000   _CLK_TIMERNUM
00000000   SIO$
00000000   MEM_NULL
00000000   OBJ$
00000000   MBX$
00000000   HWI_RESET
00000000   HWI_ZEROTAB
00000000   PIP$
00000000   RTDX_USERTEXECUTION
00000000   SEM$
00000000   PRD_SWIHANDLE
00000000   PIP_gNextId
00000000   PRD_A_TABLEN
00000000   BUF$
00000000   CLK_COUNTSPMSHIGH
00000000   DGN$
00000000   DEV$
00000000   CLK_TDDRHIGH
00000000   CLK_TDDR
00000000   CLK_PRDHIGH
00000000   CLK_TIMERNUM
00000000   DHL$
00000000   DHL_gChannelsAvailable
00000000   DIO$
00000000   DIO_NUMSWIBASE
00000001   IDL$
00000001   BUF_ENABLED
00000001   SWI$
00000001   SWI_A_TABLEN
00000001   SYS$
00000001   HST_RTDX
00000001   HWI$
00000001   TSK_PRIORITY
00000001   HWI_NMI
00000001   HST$
00000001   TSK$
00000001   _CLK_USETIMER
00000001   STS$
00000001   MEM$
00000001   ISRC$
00000001   MEM_gNumHeap
00000001   LOG_ENABLED
00000001   LOG$
00000001   LCK$
00000001   LOG_A_TABLEN
00000001   RTDX_NORMALIZED_HDR
00000001   RTDX_USERTDX
00000001   CLK$
00000001   RTDX$
00000001   IDL_USECLKIDLTIME
00000001   PRD$
00000001   QUE$
00000001   _LOG_A_TABLEN
00000001   CLK_USETIMER
00000001   GBL_SUPPORTCSL
00000001   GBL_boot
00000001   _HWI_NMI
00000001   GBL_CALLCSLCFGINIT
00000001   GBL$
00000001   GBL_ENABLEINST
00000001   GBL_L2MARMASK
00000001   GBL_L2CONFIGURE
00000002   _HWI_RESERVED0
00000002   IDL_A_CALLEN
00000002   HWI_RESERVED0
00000002   HST_A_TABLEN
00000002   IDL_A_TABLEN
00000002   PIP_gNumEmbed
00000002   PIP_A_TABLEN
00000002   _PIP_A_TABLEN
00000002   _RTDX_JTAGONLY
00000002   _HST_A_TABLEN
00000003   STS_A_TABLEN
00000003   _HWI_RESERVED1
00000003   HWI_RESERVED1
00000003   _STS_A_TABLEN
00000004   _HWI_INT4
00000004   HWI_INT4
00000005   HWI_INT5
00000005   _HWI_INT5
00000006   HWI_INT6
00000006   _HWI_INT6
00000007   GBL_L2MODE
00000007   _HWI_INT7
00000007   HWI_INT7
00000008   HWI_INT8
00000008   CLK_A_TABLEN
00000008   _HWI_INT8
00000009   HWI_INT9
00000009   _HWI_INT9
0000000a   HWI_INT10
0000000a   _HWI_INT10
0000000b   _HWI_INT11
0000000b   HWI_INT11
0000000c   HWI_INT12
0000000c   _HWI_INT12
0000000d   HWI_INT13
0000000d   _HWI_INT13
0000000e   _HWI_INT14
0000000e   HWI_INT14
0000000f   _HWI_INT15
0000000f   HWI_INT15
00000020   CLK_TCR
00000040   HST_MAXFRAMESET
00000040   LOG_system$size
00000042   GBL_FOOTPRINT
00000100   HST_MAXFRAMEALLOWED
00000400   __STACK_SIZE
00000400   TSK_STACKSIZE
00000400   HST_DSMMEMSIZE
00000408   RTDX_BUFMEMSIZE
00000490   GBL_A_VERSION
00002226   GBL_L2ALLOC
00004000   CLK_INTBIT
00004000   PRD_SCALAR
00008000   SDRAM$L
00008000   _SDRAM_length
0000927c   _CLK_COUNTSPMS
0000927c   _CLK_PRD
0000927c   CLK_COUNTSPMS
0000927c   CLK_PRD
0000dbef   GBL_TRCMASKVALUE
01940000   _CLK_REGS
01940000   CLK_REGS
082f39a3   HWI_INTRMULTHIGH
310718a4   HWI_INTRMULTLOW
80000000   _SDRAM_base
80000000   edata
80000000   ___data__
80000000   ___edata__
80000000   PRD_A_TABEND
80000000   PRD_A_TABBEG
80000000   .data
80000000   SDRAM$B
80008000   SWI_F_enable
80008000   __SWI_lat3beg
80008088   __SWI_lat3end
8000808c   SWI_F_post
80008194   __SWI_lat1beg
80008220   __SWI_lat1end1
80008224   SWI_F_exec
8000829c   SWI_EXECFXN
8000829c   SWI_F_iexec
800082dc   __SWI_lat1end2
80008380   __SWI_lat2beg
8000846c   __SWI_lat2end2
80008470   SWI_F_run
80008470   SWI_RUNFXN
800086e0   LNK_F_checkBufferCall
80008700   LNK_F_getChanPtr
8000874c   LNK_F_init
80008754   LNK_F_dataPump
80008760   LNK_rcloop
80008810   LNK_rdrtry
80008818   LNK_rrloop
800088d0   LNK_wrrtry
800088d8   LNK_wrloop
800089a8   LNK_newin
80008ab8   LNK_newout
80008bf8   LNK_F_readCallBack
80008c20   __HWI_lat1beg
80008c20   HWI_F_dispatch
80008c20   CLK_HOOKFXN
80008c20   _HWI_F_dispatch
80008dcc   __HWI_lat2beg
80008dcc   __HWI_lat1end
80008ee8   __HWI_lat2end2
80008f14   __HWI_lat3end2
80008f48   __HWI_lat2end1
80008f8c   __HWI_lat3beg
80009038   __HWI_lat3end1
80009040   PRD_F_swi
8000929c   PRD_F_tick
80009360   _SEM_pendEnterKnl
80009600   _KNL_run
800098a0   RTA_F_getlog
800098e4   RTA_F_getsts
8000992c   RTA_F_readblk
8000994c   RTA_F_writeword
80009958   RTA_F_resetmem
80009958   __RTA_lat1beg
80009990   __RTA_lat1end
80009998   RTA_F_dispatch
800099d8   RTA_execute
80009d58   PRD_THOOKFXN
80009d58   _KNL_tick
80009d80   PIP_F_take
80009e14   PIP_F_probe
80009e14   PIP_F_give
80009ee8   PIP_F_start
80009fa0   CLK_F_getfhtime
80009fc0   CLK_F_gethtime
80009fc0   CLK_F_getshtime
80009fc0   CLK_TIMEFXN
8000a034   CLK_F_getltime
8000a040   CLK_F_isr
8000a17c   _CLK_F_itime
8000a17c   CLK_F_itime
8000a17c   _CLK_itime
8000a190   __CLK_lat1beg
8000a1bc   __CLK_lat1end
8000a1c0   _TSK_setup
8000a3c0   __SEM_dopost
8000a5c0   _TSK_exit
8000a7a0   _KNL_saveIsrFrame
8000a86c   _KNL_switch
8000a920   KNL_glue
8000a960   __auto_init
8000ab34   _TSK_startup
8000ac20   _KNL_check
8000ac54   __KNL_lat1beg
8000acd0   __KNL_lat1end
8000acd0   _KNL_idle
8000acec   _KNL_max
8000ad20   IDL_F_calibrate
8000ae20   _KNL_enter
8000aeb0   _KNL_exit
8000af20   _GBL_cslCacheInit
8000b020   _SEM_postEnterKnl
8000b100   _SEM_post
8000b1e0   _MEM_init
8000b2a0   _LCK_post
8000b2ec   _LCK_pend
8000b360   _SYS_exit
8000b420   _KNL_post
8000b4e0   _ATM_andu
8000b4e0   _ATM_andi
8000b500   _ATM_clearu
8000b500   _ATM_cleari
8000b518   _ATM_decu
8000b518   _ATM_deci
8000b534   _ATM_incu
8000b534   _ATM_inci
8000b550   _ATM_oru
8000b550   _ATM_ori
8000b56c   _ATM_setu
8000b56c   _ATM_seti
8000b580   _KNL_ipost
8000b620   _CLK_start6x
8000b620   _CLK_start
8000b6c0   _GBL_cslInit
8000b740   FXN_F_nop
8000b748   _FXN_F_run
8000b748   FXN_F_run
8000b798   _FXN_F_zero
8000b798   FXN_F_zero
8000b7c0   _LOG_event
8000b7c0   LOG_F_event
8000b7c0   __LOG_lat1beg
8000b804   __LOG_lat1end1
8000b830   __LOG_lat1end2
8000b840   __IDL_lat1beg
8000b840   IDL_F_busy
8000b890   __IDL_lat1end
8000b8c0   _SEM_pend
8000b920   _TRC_disable
8000b940   _TRC_enable
8000b95c   _TRC_query
8000b980   SYS_ABORTFXN
8000b980   _UTL_doAbort
8000b9e0   SYS_PUTCFXN
8000b9e0   _UTL_doPutc
8000ba40   _TSK_init
8000baa0   _QUE_get
8000baa0   __QUE_lat1beg
8000bac0   __QUE_lat1end
8000bac8   _QUE_put
8000bac8   __QUE_lat2beg
8000bae0   __QUE_lat2end
8000bb00   _STS_delta
8000bb00   STS_F_delta
8000bb10   STS_F_add
8000bb10   _STS_add
8000bb3c   _STS_reset
8000bb3c   STS_F_reset
8000bb60   _SWI_post
8000bba0   RTA_F_andn
8000bbc0   RTA_F_or
8000bbe0   IDL_F_stub
8000bbe0   IDL_CALIBRFXN
8000bc20   _STS_set
8000bc40   _FXN_F_nop
8000bc40   GIO_CREATEFXN
8000bc40   GBL_USERINITFXN
8000bc40   GIO_DELETEFXN
8000bc40   GIO_POSTFXN
8000bc40   GIO_PENDFXN
8000bc40   TSK_VCREATEFXN
8000bc40   TSK_VDELETEFXN
8000bc40   TSK_VEXITFXN
8000bc60   _IDL_loop
8000bc60   IDL_F_loop
8000bc80   GBL_F_version
8000bca0   _UTL_halt
8000bca0   SYS_EXITFXN
8000bcc0   SYS_ERRORFXN
8000bcc0   _UTL_doError
8000bce0   ___text__
8000bce0   .text
8000bce0   _tw_genSPxSPfft
8000c068   _tw_genr2fft
8000c210   _bit_rev
8000c3f0   _tw_genr4fft
8000c56c   _R4DigitRevIndexTableGen
8000c714   _digit_reverse
8000c83c   _main
8000c938   _interrupt_rcv
8000cb60   _cos
8000cf80   _sin
8000d360   __frcdivd
8000d640   _atan
8000d900   _CACHE_setL2Mode
8000db80   _CACHE_wait
8000ddc0   _memcpy
8000e000   __divd
8000e200   __CSL_init
8000e3c0   _CACHE_clean
8000e540   _MCBSP_reset
8000e6c0   _TIMER_open
8000e820   _TIMER_reset
8000e940   _CACHE_wbInvL1d
8000eb80   __remi
8000ec80   __round
8000ed80   _modf
8000ee60   __strasg
8000ef40   _MCBSP_open
8000f020   _atexit
8000f1c0   _MCBSP_config
8000f260   _CSL_cfgInit
8000f2e0   __IRQ_init
8000f360   _TIMER_configArgs
8000f3c0   _TIMER_start
8000f400   _IRQ_enable
8000f440   __trunc
8000f480   __nop
8000f4a0   _MCBSP_write
8000f4c0   _MCBSP_read
8000f4e0   _IRQ_globalRestore
8000f500   __register_lock
8000f520   __IRQ_hookFetchPacket
8000f540   _IRQ_globalDisable
8000f560   _MCBSP_enableXmt
8000f580   _MCBSP_enableRcv
8000f5a0   __register_unlock
8000f5c0   etext
8000f5c0   ___etext__
8000f5c0   _MySample
8000f5c4   _bufferInput
8000fdc4   _bufferOutput
800105ec   __IRQ_eventTable
80010670   __IRQ_intTable
800106b0   __IRQ_dispatchTable
8001073c   __cleanup_ptr
80010740   __dtors_ptr
80010858   __MCBSP_hDev0
8001085c   __MCBSP_hDev1
80010888   _mcbspCfg0
800108a8   _hMcbsp1
800108ac   __TIMER_deviceTable
800108c4   __TIMER_hDev0
800108c8   __TIMER_hDev1
800108cc   __TIMER_hBios
800108dc   __lock
800108e0   __unlock
800108e4   _Corr_Filter
8001184c   RTA_fromHost$buf
800118a0   _RTDX_Init_RT_Monitor
8001194c   _RTDX_Final_RT_Monitor
80011990   _RTDX_IsFlowEnabled
800119a4   _RTDX_Poll
80011f6c   _RTDX_Mon_Queue
800120c0   _RTDX_Buffer_Initialize
80012460   _RTDX_Buffer_Write
800126e0   _RTDX_Buffer_Read
80012760   _RTDX_Mask_IER
80012778   _RTDX_Set_IER
800127a0   cinit
800127a0   ___cinit__
800136dc   RTA_toHost$buf
800137dc   LNK_dataPump
800137dc   IDL_A_TABBEG
800137dc   _LNK_dataPump
800137e0   RTA_dispatcher
800137e0   _RTA_dispatcher
800137e4   IDL_cpuLoad
800137e4   _IDL_cpuLoad
800137e8   IDL_END
800137ec   IDL_A_TABEND
800137ec   LNK_dataPump$
800137ec   IDL_A_CALBEG
800137f0   RTA_dispatcher$
800137f4   IDL_cpuLoad$
800137f8   IDL_END$
800137fc   IDL_A_CALEND
800137fc   ___c_args__
80013800   hwi0
80013800   HWI_A_VECS
80013820   hwi1
80013840   hwi2
80013860   hwi3
80013880   hwi4
800138a0   hwi5
800138c0   hwi6
800138e0   hwi7
80013900   hwi8
80013920   hwi9
80013940   hwi10
80013960   hwi11
80013980   hwi12
800139a0   hwi13
800139c0   hwi14
800139e0   hwi15
80013a00   $bss
80013a00   IDL_D_tabbeg
80013a00   .bss
80013a00   ___bss__
80013a04   IDL_D_calibrate
80013a08   IDL_D_calbeg
80013a0c   LOG_D_system
80013a0c   _LOG_D_system
80013a10   PIP_D_tabbeg
80013a14   PIP_D_tablen
80013a18   CLK_R_time
80013a1c   CLK_D_timefxn
80013a20   CLK_D_tabbeg
80013a24   CLK_D_isrhook
80013a28   CLK_D_idletime
80013a2c   _SWI_D_curmask
80013a2c   SWI_D_curmask
80013a30   SWI_D_curset
80013a34   SWI_D_pending
80013a38   _SWI_D_curfxn
80013a38   SWI_D_curfxn
80013a3c   SWI_D_curmbox
80013a40   _SWI_D_lock
80013a40   SWI_D_lock
80013a44   SWI_D_execaddr
80013a48   SWI_D_runaddr
80013a4c   _SWI_D_rdybeg
80013a4c   SWI_D_rdybeg
80013a50   SWI_D_ihook
80013a54   SWI_D_ehook
80013a58   SWI_D_rdytab
80013ad0   _PRD_D_tick
80013ad0   PRD_D_tick
80013ad4   PRD_D_cur
80013ad8   PRD_D_elapsed
80013adc   PRD_D_prevtim
80013ae0   PRD_D_scalar
80013ae4   PRD_D_swihandle
80013ae8   PRD_D_tabbeg
80013aec   PRD_D_tablen
80013af0   PRD_D_thook
80013af4   RTA_D_fromHost
80013af8   RTA_D_toHost
80013afc   RTA_D_logval
80013b0c   RTA_D_stsval
80013b18   HST_D_chanmask
80013b1c   _MEM_D_NUMSEGMENTS
80013b20   _MEM_D_memtab
80013b24   _MEM_D_freelist
80013b28   _MEM_D_lockaddr
80013b2c   _MEM_D_unlockaddr
80013b30   _SYS
80013b34   _HWI_dispatchTab
80013c34   _KNL_queues
80013cd4   _KNL_dummy
80013d0c   _KNL_swiptr
80013d10   _KNL_idlefxn
80013d14   _MEM_memtab
80013d20   __HOOK_knlId
80013d24   SDRAM
80013d24   RTDX_DATAMEMSEG
80013d24   MEM_SEGZERO
80013d24   HST_DSMBUFSEG
80013d24   _SDRAM
80013d24   TSK_STACKSEG
80013d24   MEM_MALLOCSEG
80013d28   RTA_fromHost$pipe$dtab
80013d34   RTA_toHost$pipe$dtab
80013d40   _OBJ_table
80013d98   _TSK
80013d9c   __HOOK_NUMHOOKS
80013da0   _KNL_wFlag
80013da4   _KNL_wList
80013da8   _KNL_alarm
80013dac   _KNL_setpri
80013db0   _KNL_inactive
80013db4   _KNL_priority
80013db8   _KNL_set
80013dbc   _KNL_curtask
80013dc0   _KNL_prevtask
80013dc4   _KNL_curtime
80013dc8   _KNL_curqueue
80013dcc   _KNL_maxqueue
80013dd0   _KNL_tswitchfxn
80013dd4   _KNL_tcreatefxn
80013dd8   _KNL_tdeletefxn
80013ddc   _KNL_treadyfxn
80013de0   _TSK_ATTRS
80013dfc   _TSK_timerSem
80013e18   __TSK_mutex
80013e3c   _SYS_exitStack
80013e5c   _D
80013e60   _Fitler_Lenght
80013e64   _index
80013e68   _output
80013e6c   _i
80013e70   _buffor
80013e78   LNK_dspFrameRequestMask
80013e7c   LNK_dspFrameReadyMask
80013e80   LNK_readPend
80013e84   LNK_readDone
80013e88   LNK_readFail
80013e8c   LNK_writeFail
80013ea8   _GBL_irqEventTable
80013eac   _GBL_irqIntTable
80013eb0   _TSK_nTasks
80013eb4   _TSK_pid
80013eb8   _SYS_exitStackPtr
80013ebc   _SYS_exitStackTop
80013ec0   HWI_D_ccmask
80013ec4   _HWI_D_spsave
80013ec8   _MEM
80013ecc   _GBL_cslTimerHandle
80013ed0   IDL_D_busyObj
80013ed4   ___end__
80013ed4   _RTDX_Buffer
80013ed4   end
800142dc   _RTDX_Buffer_Start
800142e0   _RTDX_Buffer_End
800142e4   _rtdx_buffer_state
800142f0   _RTDX_writing
80014304   _rtdx_mon_state
80014320   _HWI_STKTOP
80014320   GBL_stackbeg
80014320   __stack
80014718   _HWI_STKBOTTOM
8001471f   GBL_stackend
80014720   TSK_idle$stack
80014ab8   TSK_idle$stkptr
80014b20   BIOS_init
80014b20   _BIOS_init
80014c94   BIOS$$CLKON
80014cc4   BIOS$$CLKOFF
80014d24   BIOS_start
80014d24   _BIOS_start
80014dc0   _c_int00
80014ea0   _SYS_PUTCBEG
8001509f   _SYS_PUTCEND
800150ac   TSK_idle
800150ac   _TSK_idle
80015100   LOG_system$buf
80015200   RTA_fromHost$pipe
80015200   _PIP_A_TABBEG
80015200   PIP_A_TABBEG
80015204   RTA_fromHost$pipe$rd
80015230   RTA_fromHost$pipe$aaa
80015234   RTA_fromHost$pipe$wr
80015260   RTA_fromHost$pipe$bbb
80015264   RTA_toHost$pipe
80015268   RTA_toHost$pipe$rd
80015294   RTA_toHost$pipe$aaa
80015298   RTA_toHost$pipe$wr
800152c4   RTA_toHost$pipe$bbb
800152c8   _PIP_A_TABEND
800152c8   PIP_A_TABEND
800152c8   _STS_A_TABBEG
800152c8   KNL_swi$sts$stsobj
800152c8   STS_A_TABBEG
800152cc   KNL_swi$sts
800152d8   TSK_idle$sts$stsobj
800152dc   TSK_idle$sts
800152e8   IDL_busyObj$stsobj
800152ec   IDL_busyObj
800152ec   _IDL_busyObj
800152f8   SWI_A_TABBEG
800152f8   STS_A_TABEND
800152f8   KNL_swi
800152f8   _KNL_swi
800152f8   _STS_A_TABEND
80015324   SWI_A_TABEND
80015350   HST_A_TABBEG
80015350   _HST_A_TABBEG
80015354   _RTA_fromHost
80015354   RTA_fromHost
8001535c   RTA_fromHost$rtdx
80015368   _RTA_toHost
80015368   RTA_toHost
80015370   RTA_toHost$rtdx
8001537c   HST_A_TABEND
8001537c   _HST_A_TABEND
800153a4   LOG_system
800153a4   _LOG_A_TABBEG
800153a4   _LOG_system
800153a4   LOG_A_TABBEG
800153bc   LOG_A_TABEND
800153bc   SYS$config
800153bc   _LOG_A_TABEND
800153cc   TRC_cinit
800153d0   _TRC_R_mask
800153d0   TRC_R_mask
800153d4   GBL_initdone
800153d8   pinit
800153d8   ___pinit__
800153e4   _PRD_clock
800153e4   CLK_A_TABBEG
800153e4   PRD_clock
800153e8   CLK_null
800153ec   CLK_A_TABEND
ffffffff   ___binit__
ffffffff   binit
ffffffff   CACHE_L2
ffffffff   _CACHE_L2

[647 symbols]
